test_scripts/exceptions_test.py::TestContours::test_fail_contour
test_scripts/mock_test.py::TestMockOSTU::test_otsu_threshold_fail
